../Core/Src/main.c:46:5:main	360	static
../Core/Src/main.c:323:6:reinicioRegistros	16	static
../Core/Src/main.c:349:6:reinicioDSP	16	static
../Core/Src/main.c:374:6:delay_ms	16	static
../Core/Src/main.c:383:13:Crc8Calc	24	static
../Core/Src/main.c:402:9:calculate_crc	24	static
../Core/Src/main.c:418:6:SystemClock_Config	96	static
../Core/Src/main.c:459:13:MX_SPI1_Init	8	static
../Core/Src/main.c:499:13:MX_USART2_UART_Init	8	static
../Core/Src/main.c:547:13:MX_GPIO_Init	56	static
../Core/Src/main.c:614:6:Error_Handler	8	static,ignoring_inline_asm
