../Core/Src/main.c:46:5:main	216	static
../Core/Src/main.c:164:6:reinicioRegistro1	16	static
../Core/Src/main.c:184:6:capturaDatos	16	static
../Core/Src/main.c:202:6:reinicioDSP	16	static
../Core/Src/main.c:227:6:delay_ms	16	static
../Core/Src/main.c:233:6:activEnergy	152	static
../Core/Src/main.c:301:6:activePower	152	static
../Core/Src/main.c:378:13:Crc8Calc	24	static
../Core/Src/main.c:397:9:calculate_crc	24	static
../Core/Src/main.c:413:6:SystemClock_Config	96	static
../Core/Src/main.c:454:13:MX_SPI1_Init	8	static
../Core/Src/main.c:494:13:MX_USART2_UART_Init	8	static
../Core/Src/main.c:542:13:MX_GPIO_Init	56	static
../Core/Src/main.c:609:6:Error_Handler	8	static,ignoring_inline_asm
